// Jest Snapshot v1, https://goo.gl/fbAQLP

exports[`Cli returns loaded config files 1`] = `
Object {
  "basePath": "/var/tmp",
  "classes": Object {
    "bg-button": "blue",
    "bg-gray": "gray",
    "bg-light-gray": "light-gray",
    "bg-lighter-gray": "lighter-gray",
    "button": "green",
    "error": "red",
  },
  "colors": Object {
    "blue": Object {
      "hue": 240,
      "lightness": "50%",
      "saturation": "100%",
    },
    "gray": Object {
      "hue": 180,
      "lightness": "0%",
      "saturation": "0%",
      "tints": 3,
    },
    "green": Object {
      "hue": 120,
      "lightness": "30%",
      "saturation": "50%",
    },
    "red": Object {
      "hue": 360,
      "lightness": "50%",
      "saturation": "100%",
    },
  },
  "func": Object {
    "files": Object {
      "classes": "classes.yml",
      "colors": "colors.yml",
    },
  },
  "paths": Object {
    "indexJson": "/var/tmp/func-index.json",
    "json": "/var/tmp/func.json",
    "stylesheet": "/var/tmp/func.css",
    "tokens": "/var/tmp/func-tokens.json",
  },
}
`;
